creating log file for testing branches
